../Core/Src/main.c:83:5:main	8	static
../Core/Src/main.c:155:6:SystemClock_Config	88	static
../Core/Src/main.c:212:13:MX_TIM1_Init	56	static
../Core/Src/main.c:262:13:MX_TIM2_Init	56	static
../Core/Src/main.c:311:13:MX_TIM3_Init	56	static
../Core/Src/main.c:360:13:MX_TIM4_Init	48	static
../Core/Src/main.c:413:13:MX_TIM5_Init	32	static
../Core/Src/main.c:458:13:MX_TIM8_Init	80	static
../Core/Src/main.c:523:13:MX_TIM12_Init	40	static
../Core/Src/main.c:569:13:MX_USART2_UART_Init	8	static
../Core/Src/main.c:600:13:MX_DMA_Init	16	static
../Core/Src/main.c:621:13:MX_GPIO_Init	48	static
../Core/Src/main.c:667:6:Error_Handler	4	static,ignoring_inline_asm
