../Core/Src/main.c:77:5:main	8	static
../Core/Src/main.c:147:6:SystemClock_Config	88	static
../Core/Src/main.c:195:13:MX_TIM1_Init	56	static
../Core/Src/main.c:245:13:MX_TIM2_Init	56	static
../Core/Src/main.c:294:13:MX_TIM3_Init	56	static
../Core/Src/main.c:343:13:MX_TIM4_Init	48	static
../Core/Src/main.c:396:13:MX_TIM5_Init	32	static
../Core/Src/main.c:441:13:MX_TIM8_Init	80	static
../Core/Src/main.c:506:13:MX_TIM12_Init	40	static
../Core/Src/main.c:552:13:MX_GPIO_Init	40	static
../Core/Src/main.c:597:6:Error_Handler	4	static,ignoring_inline_asm
